* Bienvenue dans AirWatcher 
| Utilisateur: (anonyme)       
* Menu Principal 

   1. Contribution…
   2. Analyse…
   3. Sources de données…
   4. Administration…
   5. Super Admin…
   6. Quitter AirWatcher

Entrez ici votre sélection : 
* Menu - Analyse 

   1. Filtrage géographique…
   2. Filtrage temporel…
   3. Lancer le calcul
   4. Retour au menu principal

Entrez ici votre sélection : 
* Définir une période d'analyse 
Date de début (jj/mm/aaaa) : Date de fin   (jj/mm/aaaa) : Date invalide.
* Menu Principal 

   1. Contribution…
   2. Analyse…
   3. Sources de données…
   4. Administration…
   5. Super Admin…
   6. Quitter AirWatcher

Entrez ici votre sélection : 
Entrée invalide, veuillez entrer un entier entre 1 et 6.
Vous n'avez pas choisi de menu.
